  Main.cpp
C:\Users\osval\Documents\Codigo\ExtraOrdinario\ExtraOrdinario\Main.cpp(174,9): warning C4005: 'MAX_FRAMES': redefinición de macro
      C:\Users\osval\Documents\Codigo\ExtraOrdinario\ExtraOrdinario\Main.cpp(49,9):
      vea la definición anterior de “MAX_FRAMES”
  
C:\Users\osval\Documents\Codigo\ExtraOrdinario\ExtraOrdinario\Main.cpp(377,24): warning C4244: 'inicializando': conversión de 'double' a 'GLfloat'; posible pérdida de datos
C:\Users\osval\Documents\Codigo\ExtraOrdinario\ExtraOrdinario\Main.cpp(736,10): warning C4566: el carácter representado por el nombre de carácter universal '\uFFFD' no se puede representar en la página de códigos actual (1252)
C:\Users\osval\Documents\Codigo\ExtraOrdinario\ExtraOrdinario\Main.cpp(854,11): warning C4244: '=': conversión de 'double' a 'GLfloat'; posible pérdida de datos
C:\Users\osval\Documents\Codigo\ExtraOrdinario\ExtraOrdinario\Main.cpp(855,11): warning C4244: '=': conversión de 'double' a 'GLfloat'; posible pérdida de datos
C:\Users\osval\Documents\Codigo\ExtraOrdinario\ExtraOrdinario\Main.cpp(859,18): warning C4244: 'inicializando': conversión de 'double' a 'GLfloat'; posible pérdida de datos
C:\Users\osval\Documents\Codigo\ExtraOrdinario\ExtraOrdinario\Main.cpp(860,18): warning C4244: 'inicializando': conversión de 'double' a 'GLfloat'; posible pérdida de datos
C:\Users\osval\Documents\Codigo\ExtraOrdinario\ExtraOrdinario\Main.cpp(862,10): warning C4244: '=': conversión de 'double' a 'GLfloat'; posible pérdida de datos
C:\Users\osval\Documents\Codigo\ExtraOrdinario\ExtraOrdinario\Main.cpp(863,10): warning C4244: '=': conversión de 'double' a 'GLfloat'; posible pérdida de datos
soil2-debug.lib(SOIL2.obj) : warning LNK4075: se omite '/EDITANDCONTINUE' debido a la especificación '/OPT:ICF'
LINK : warning LNK4098: la biblioteca predeterminada'MSVCRTD' entra en conflicto con otras bibliotecas; use la biblioteca /NODEFAULTLIB:biblioteca
  Generando código
  Previous IPDB not found, fall back to full compilation.
  All 1260 functions were compiled because no usable IPDB/IOBJ from previous compilation was found.
  Generación de código finalizada
soil2-debug.lib(etc1_utils.obj) : warning LNK4099: no se encontró PDB 'soil2-debug.pdb' con 'soil2-debug.lib(etc1_utils.obj)' o en 'C:\Users\osval\Documents\Codigo\ExtraOrdinario\Release\soil2-debug.pdb'; se vinculará el objeto sin tener en cuenta información de depuración
soil2-debug.lib(image_DXT.obj) : warning LNK4099: no se encontró PDB '' con 'soil2-debug.lib(image_DXT.obj)' o en ''; se vinculará el objeto sin tener en cuenta información de depuración
soil2-debug.lib(image_helper.obj) : warning LNK4099: no se encontró PDB 'soil2-debug.pdb' con 'soil2-debug.lib(image_helper.obj)' o en 'C:\Users\osval\Documents\Codigo\ExtraOrdinario\Release\soil2-debug.pdb'; se vinculará el objeto sin tener en cuenta información de depuración
soil2-debug.lib(SOIL2.obj) : warning LNK4099: no se encontró PDB 'soil2-debug.pdb' con 'soil2-debug.lib(SOIL2.obj)' o en 'C:\Users\osval\Documents\Codigo\ExtraOrdinario\Release\soil2-debug.pdb'; se vinculará el objeto sin tener en cuenta información de depuración
  ExtraOrdinario.vcxproj -> C:\Users\osval\Documents\Codigo\ExtraOrdinario\Release\ExtraOrdinario.exe
